
> my-app@0.0.0 build
> next build

Γû▓ Next.js 16.2.2 (Turbopack)
- Environments: .env.local

  Creating an optimized production build ...
Turbopack build encountered 2 warnings:
[next]/internal/font/google/alfa_slab_one_252bf7da.module.css
Error while requesting resource
There was an issue establishing a connection while requesting https://fonts.googleapis.com/css2?family=Alfa+Slab+One:wght@400&display=swap

Import trace:
  Server Component:
    [next]/internal/font/google/alfa_slab_one_252bf7da.module.css
    [next]/internal/font/google/alfa_slab_one_252bf7da.js
    ./src/app/layout.tsx


[next]/internal/font/google/inter_2fe1ab3d.module.css
Error while requesting resource
There was an issue establishing a connection while requesting https://fonts.googleapis.com/css2?family=Inter:wght@100..900&display=swap

Import trace:
  Server Component:
    [next]/internal/font/google/inter_2fe1ab3d.module.css
    [next]/internal/font/google/inter_2fe1ab3d.js
    ./src/app/layout.tsx



> Build error occurred
Error: Turbopack build failed with 2 errors:
[next]/internal/font/google/alfa_slab_one_252bf7da.module.css
next/font: error:
Failed to fetch `Alfa Slab One` from Google Fonts.

Import trace:
  Server Component:
    [next]/internal/font/google/alfa_slab_one_252bf7da.module.css
    [next]/internal/font/google/alfa_slab_one_252bf7da.js
    ./src/app/layout.tsx


[next]/internal/font/google/inter_2fe1ab3d.module.css
next/font: error:
Failed to fetch `Inter` from Google Fonts.

Import trace:
  Server Component:
    [next]/internal/font/google/inter_2fe1ab3d.module.css
    [next]/internal/font/google/inter_2fe1ab3d.js
    ./src/app/layout.tsx


    at ignore-listed frames
